  console.error
    An update to AccessibilitySettings inside a test was not wrapped in act(...).
    
    When testing, code that causes React state updates should be wrapped into act(...):
    
    act(() => {
      /* fire events that update state */
    });
    /* assert on the output */
    
    This ensures that you're testing the behavior the user would see in the browser. Learn more at https://react.dev/link/wrap-tests-with-act

    [0m [90m 32 |[39m     saveCurrentPreferences()[33m;[39m
     [90m 33 |[39m     setShowSaveMessage([36mtrue[39m)[33m;[39m
    [31m[1m>[22m[39m[90m 34 |[39m     setTimeout(() [33m=>[39m setShowSaveMessage([36mfalse[39m)[33m,[39m [35m3000[39m)[33m;[39m
     [90m    |[39m                      [31m[1m^[22m[39m
     [90m 35 |[39m   }[33m;[39m
     [90m 36 |[39m
     [90m 37 |[39m   [36mconst[39m handleReset [33m=[39m () [33m=>[39m {[0m

      at node_modules/react-dom/cjs/react-dom-client.development.js:18758:19
      at runWithFiberInDEV (node_modules/react-dom/cjs/react-dom-client.development.js:874:13)
      at warnIfUpdatesNotWrappedWithActDEV (node_modules/react-dom/cjs/react-dom-client.development.js:18757:9)
      at scheduleUpdateOnFiber (node_modules/react-dom/cjs/react-dom-client.development.js:16409:11)
      at dispatchSetStateInternal (node_modules/react-dom/cjs/react-dom-client.development.js:9170:13)
      at setShowSaveMessage (node_modules/react-dom/cjs/react-dom-client.development.js:9127:7)
      at src/components/AccessibilitySettings.tsx:34:22
      at callTimer (node_modules/@sinonjs/fake-timers/src/fake-timers-src.js:729:24)
      at doTickInner (node_modules/@sinonjs/fake-timers/src/fake-timers-src.js:1289:29)
      at doTick (node_modules/@sinonjs/fake-timers/src/fake-timers-src.js:1370:20)
      at Object.tick (node_modules/@sinonjs/fake-timers/src/fake-timers-src.js:1378:20)
      at FakeTimers.advanceTimersByTime (node_modules/@jest/fake-timers/build/modernFakeTimers.js:101:19)
      at Object.<anonymous> (src/components/AccessibilitySettings.test.tsx:282:12)

node.exe : FAIL src/componen
ts/AccessibilitySettings.tes
t.tsx
At C:\Program 
Files\nodejs\npx.ps1:29 
char:3
+   & $NODE_EXE $NPX_CLI_JS 
$args
+   ~~~~~~~~~~~~~~~~~~~~~~~~
~~~~~
    + CategoryInfo          
    : NotSpecified: (F    
AIL src/compon...ttin    
gs.test.tsx:String) [    ], 
RemoteException
    + FullyQualifiedError   
 Id : NativeCommandErr    or
 
  AccessibilitySettings 
Component
    Rendering
      ΓêÜ renders component 
with title and subtitle (35 
ms)
      ΓêÜ renders all 
section headers (11 ms)
      ΓêÜ renders all 
action buttons (10 ms)
      ΓêÜ renders back 
button when onBack prop is 
provided (7 ms)
      ΓêÜ does not render 
back button when onBack 
prop is not provided (6 ms)
    Theme Selection
      ├ù renders theme 
options (9 ms)
      ΓêÜ highlights active 
theme button (43 ms)
      ΓêÜ calls updateTheme 
when theme button is 
clicked (24 ms)
      ΓêÜ theme buttons 
have correct aria-pressed 
attribute (19 ms)
    Font Size Controls
      ΓêÜ renders font size 
options (6 ms)
      ΓêÜ highlights active 
font size button (14 ms)
      ΓêÜ calls 
updateFontSize when font 
size button is clicked (18 
ms)
      ΓêÜ renders preview 
text for font size (6 ms)
    Audio Speed Controls
      ├ù renders audio 
speed button options (124 
ms)
      ├ù highlights active 
audio speed button (100 ms)
      ΓêÜ calls 
updateAudioSpeed when speed 
button is clicked (18 ms)
      ΓêÜ renders audio 
speed slider (8 ms)
      ΓêÜ calls 
updateAudioSpeed when 
slider is adjusted (6 ms)
      ΓêÜ displays current 
audio speed value (5 ms)
    Contrast Mode Toggle
      ΓêÜ renders contrast 
mode checkbox (7 ms)
      ΓêÜ checkbox is 
unchecked by default (6 ms)
      ΓêÜ calls 
updateContrastMode when 
checkbox is toggled (13 ms)
      ΓêÜ displays correct 
status text for contrast 
mode (5 ms)
      ΓêÜ displays enabled 
text when contrast mode is 
active (7 ms)
    Save Settings
      ΓêÜ shows save 
success message when save 
is clicked (21 ms)
      ΓêÜ hides save 
message after 3 seconds (52 
ms)
    Reset Settings
      ΓêÜ shows 
confirmation dialog when 
reset is clicked (21 ms)
      ΓêÜ calls 
resetToDefaults when reset 
is confirmed (17 ms)
      ΓêÜ does not reset 
when confirmation is 
cancelled (22 ms)
      ΓêÜ shows reset 
success message when reset 
is confirmed (18 ms)
    Settings Summary
      ΓêÜ displays current 
theme in summary (5 ms)
      ΓêÜ displays current 
font size in summary (5 ms)
      ΓêÜ displays current 
audio speed in summary (5 
ms)
      ΓêÜ displays current 
contrast mode status in 
summary (4 ms)
    Back Button 
Functionality
      ΓêÜ calls onBack 
callback when back button 
is clicked (16 ms)
    Keyboard Navigation
      ΓêÜ all buttons are 
keyboard accessible (15 ms)
      ΓêÜ checkbox is 
keyboard accessible (8 ms)
      ΓêÜ slider is 
keyboard accessible (6 ms)
    Accessibility 
Compliance (WCAG)
      ΓêÜ should not have 
any accessibility 
violations (73 ms)
      ΓêÜ should have 
proper heading hierarchy (9 
ms)
      ΓêÜ section elements 
are used for semantic 
structure (4 ms)
      ΓêÜ all interactive 
elements have proper labels 
(21 ms)
    State Management
      ΓêÜ reflects updated 
preferences in UI (16 ms)
      ΓêÜ handles multiple 
rapid preference changes 
(29 ms)
    Edge Cases
      ΓêÜ handles missing 
translation keys gracefully 
(4 ms)
      ΓêÜ handles context 
updates when component is 
unmounted (17 ms)

  ΓùÅ AccessibilitySettings 
Component ΓÇ║ Theme 
Selection ΓÇ║ renders theme 
options

    
TestingLibraryElementError: 
Found multiple elements 
with the text: Light

    Here are the matching 
elements:

    Ignored nodes: 
comments, script, style
    [36m<span>[39m
      [0mLight[0m
    [36m</span>[39m

    Ignored nodes: 
comments, script, style
    [36m<span[39m
      [33mclass[39m=[32m"
summary-value"[39m
    [36m>[39m
      [0mLight[0m
    [36m</span>[39m

    (If this is 
intentional, then use the 
`*AllBy*` variant of the 
query (like 
`queryAllByText`, 
`getAllByText`, or 
`findAllByText`)).

    Ignored nodes: 
comments, script, style
    [36m<body>[39m
      [36m<div>[39m
        [36m<div[39m
          [33mclass[39m=[
32m"accessibility-settings"
[39m
        [36m>[39m
          [36m<header[39m
            [33mclass[39m=
[32m"settings-header"[39m
          [36m>[39m
            [36m<h1>[39m
              
[0mAccessibility 
Settings[0m
            [36m</h1>[39m
            [36m<p>[39m
              [0mCustomize 
your learning experience[0m
            [36m</p>[39m
          
[36m</header>[39m
          [36m<section[39m
            [33mclass[39m=
[32m"settings-section 
card"[39m
          [36m>[39m
            [36m<h2>[39m
              [0mTheme[0m
            [36m</h2>[39m
            [36m<p[39m
              [33mclass[39
m=[32m"section-description"
[39m
            [36m>[39m
              [0mChoose 
your preferred theme[0m
            [36m</p>[39m
            [36m<div[39m
              [33mclass[39
m=[32m"theme-options"[39m
            [36m>[39m
              
[36m<button[39m
                [33maria-pr
essed[39m=[32m"true"[39m
                [33mclass[
39m=[32m"theme-button 
active"[39m
              [36m>[39m
                
[36m<span[39m
                  [33mclass
[39m=[32m"theme-icon"[39m
                [36m>[39m
                  
[0mΓÿÇ∩╕Å[0m
                
[36m</span>[39m
                
[36m<span>[39m
                  
[0mLight[0m
                
[36m</span>[39m
              
[36m</button>[39m
              
[36m<button[39m
                [33maria-pr
essed[39m=[32m"false"[39m
                [33mclass[
39m=[32m"theme-button 
"[39m
              [36m>[39m
                
[36m<span[39m
                  [33mclass
[39m=[32m"theme-icon"[39m
                [36m>[39m
                  
[0m≡ƒîÖ[0m
                
[36m</span>[39m
                
[36m<span>[39m
                  
[0mDark[0m
                
[36m</span>[39m
              
[36m</button>[39m
            [36m</div>[39m
          
[36m</section>[39m
          [36m<section[39m
            [33mclass[39m=
[32m"settings-section 
card"[39m
          [36m>[39m
            [36m<h2>[39m
              [0mFont 
Size[0m
            [36m</h2>[39m
            [36m<p[39m
              [33mclass[39
m=[32m"section-description"
[39m
            [36m>[39m
              [0mAdjust 
text size for better 
readability[0m
            [36m</p>[39m
            [36m<div[39m
              [33mclass[39
m=[32m"font-size-controls"
[39m
            [36m>[39m
              
[36m<button[39m
                [33maria-pr
essed[39m=[32m"false"[39m
                [33mclass[
39m=[32m"font-button "[39m
              [36m>[39m
                
[0mSmall[0m
              
[36m</button>[39m
              
[36m<button[39m
                [33maria-pr
essed[39m=[32m"true"[39m
                [33mclass[
39m=[32m"font-button 
active"[39m
              [36m>[39m
                
[0mMedium[0m
              
[36m</button>[39m
              
[36m<button[39m
                [33maria-pr
essed[39m=[32m"false"[39m
                [33mclass[
39m=[32m"font-button "[39m
              [36m>[39m
                
[0mLarge[0m
              
[36m</button>[39m
            [36m</div>[39m
            [36m<div[39m
              [33mclass[39
m=[32m"preview-text"[39m
            [36m>[39m
              [36m<p[39m
                [33mclass[
39m=[32m"preview-sample"[3
9m
              [36m>[39m
                [0mThe 
quick brown fox jumps over 
the lazy dog[0m
              [36m</p>[39m
            [36m</div>[39m
          
[36m</section>[39m
          [36m<section[39m
            [33mclass[39m=
[32m"settings-section 
card"[39m
          [36m>[39m
            [36m<h2>[39m
              [0mAudio 
Speed[0m
            [36m</h2>[39m
            [36m<p[39m
              [33mclass[39
m=[32m"section-description"
[39m
            [36m>[39m
              [0mControl 
playback speed of audio 
content[0m
            [36m</p>[39m
            [36m<div[39m
              [33mclass[39
m=[32m"audio-speed-controls
"[39m
            [36m>[39m
              
[36m<button[39m
                [33maria-pr
essed[39m=[32m"false"[39m
                [33mclass[
39m=[32m"speed-button 
"[39m
              [36m>[39m
                [0m0.75[0m
                [0mx[0m
              
[36m</button>[39m
              
[36m<button[39m
                [33maria-pr
essed[39m=[32m"true"[39m
                [33mclass[
39m=[32m"speed-button 
active"[39m
              [36m>[39m
                [0m1[0m
                [0mx[0m
              
[36m</button>[39m
              
[36m<button[39m
                [33maria-pr
essed[39m=[32m"false"[39m
                [33mclass[
39m=[32m"speed-button 
"[39m
              [36m>[39m
                [0m1.25[0m
                [0mx[0m
              
[36m</button>[39m
              
[36m<button[39m
                [33maria-pr
essed[39m=[32m"false"[39m
                [33mclass[
39m=[32m"speed-button 
"[39m
              [36m>[39m
                [0m1.5[0m
                [0mx[0m
              
[36m</button>[39m
            [36m</div>[39m
            [36m<div[39m
              [33mclass[39
m=[32m"speed-slider"[39m
            [36m>[39m
              
[36m<input[39m
                [33maria-la
bel[39m=[32m"Audio speed 
slider"[39m
                [33mmax[39
m=[32m"1.5"[39m
                [33mmin[39
m=[32m"0.75"[39m
                [33mstep[3
9m=[32m"0.25"[39m
                [33mtype[3
9m=[32m"range"[39m
                [33mvalue[
39m=[32m"1"[39m
              [36m/>[39m
              
[36m<span[39m
                [33mclass[
39m=[32m"slider-value"[39m
              [36m>[39m
                [0m1[0m
                [0mx[0m
              
[36m</span>[39m
            [36m</div>[39m
          
[36m</section>[39m
          [36m<section[39m
            [33mclass[39m=
[32m"settings-section 
card"[39m
          [36m>[39m
            [36m<h2>[39m
              [0mContrast 
Mode[0m
            [36m</h2>[39m
            [36m<p[39m
              [33mclass[39
m=[32m"section-description"
[39m
            [36m>[39m
              [0mIncrease 
screen contrast for better 
visibility[0m
            [36m</p>[39m
            [36m<label[39m
              [33mclass[39
m=[32m"toggle-switch"[39m
            [36m>[39m
              
[36m<input[39m
                [33maria-la
bel[39m=[32m"Toggle 
contrast mode"[39m
                [33mtype[3
9m=[32m"checkbox"[39m
              [36m/>[39m
              
[36m<span[39m
                [33mclass[
39m=[32m"toggle-slider"[39
m
              [36m/>[39m
              
[36m<span[39m
                [33mclass[
39m=[32m"toggle-label"[39m
              [36m>[39m
                
[0mDisabled[0m
              
[36m</span>[39m
            
[36m</label>[39m
          
[36m</section>[39m
          [36m<div[39m
            [33mclass[39m=
[32m"settings-actions"[39m
          [36m>[39m
            
[36m<button[39m
              [33mclass[39
m=[32m"button 
button-primary"[39m
            [36m>[39m
              [0mSave 
Settings[0m
            
[36m</button>[39m
            
[36m<button[39m
              [33mclass[39
m=[32m"button 
button-secondary"[39m
            [36m>[39m
              [0mReset to 
Defaults[0m
            
[36m</button>[39m
          [36m</div>[39m
          [36m<section[39m
            [33mclass[39m=
[32m"settings-summary 
card"[39m
          [36m>[39m
            [36m<h3>[39m
              [0mCurrent 
Settings[0m
            [36m</h3>[39m
            [36m<div[39m
              [33mclass[39
m=[32m"summary-grid"[39m
            [36m>[39m
              [36m<div[39m
                [33mclass[
39m=[32m"summary-item"[39m
              [36m>[39m
                
[36m<span[39m
                  [33mclass
[39m=[32m"summary-label"[
39m
                [36m>[39m
                  
[0mTheme[0m
                  [0m:[0m
                
[36m</span>[39m
                
[36m<span[39m
                  [33mclass
[39m=[32m"summary-value"[
39m
                [36m>[39m
                  
[0mLight[0m
                
[36m</span>[39m
              
[36m</div>[39m
              [36m<div[39m
                [33mclass[
39m=[32m"summary-item"[39m
              [36m>[39m
                
[36m<span[39m
                  [33mclass
[39m=[32m"summary-label"[
39m
                [36m>[39m
                  [0mFont 
Size[0m
                  [0m:[0m
                
[36m</span>[39m
                
[36m<span[39m
                  [33mclass
[39m=[32m"summary-value"[
39m
                [36m>[39m
                  [0maccess
ibility.fontSize.16[0m
                
[36m</span>[39m
              
[36m</div>[39m
              [36m<div[39m
                [33mclass[
39m=[32m"summary-item"[39m
              [36m>[39m
                
[36m<span[39m
                  [33mclass
[39m=[32m"summary-label"[
39m
                [36m>[39m
                  [0mAudio 
Speed[0m
                  [0m:[0m
                
[36m</span>[39m
                
[36m<span[39m
                  [33mclass
[39m=[32m"summary-value"[
39m
                [36m>[39m
                  [0m1[0m
                  [0mx[0m
                
[36m</span>[39m
              
[36m</div>[39m
              [36m<div[39m
                [33mclass[
39m=[32m"summary-item"[39m
              [36m>[39m
                
[36m<span[39m
                  [33mclass
[39m=[32m"summary-label"[
39m
                [36m>[39m
                  
[0mContrast Mode[0m
                  [0m:[0m
                
[36m</span>[39m
                
[36m<span[39m
                  [33mclass
[39m=[32m"summary-value"[
39m
                [36m>[39m
                  
[0mDisabled[0m
                
[36m</span>[39m
              
[36m</div>[39m
            [36m</div>[39m
          
[36m</section>[39m
        [36m</div>[39m
      [36m</div>[39m
    [36m</body>[39m

    [0m [90m 130 |[39m   
  test([32m'renders theme 
options'[39m[33m,[39m () 
[33m=>[39m {
     [90m 131 |[39m       
render([33m<[39m[33mAcces
sibilitySettings[39m [33m/
[39m[33m>[39m)[33m;[39m
    
[31m[1m>[22m[39m[90m 
132 |[39m       expect(scre
en[33m.[39mgetByText([32m
'Light'[39m))[33m.[39mtoB
eInTheDocument()[33m;[39m
     [90m     |[39m       
              
[31m[1m^[22m[39m
     [90m 133 |[39m       
expect(screen[33m.[39mgetB
yText([32m'Dark'[39m))[33
m.[39mtoBeInTheDocument()[
33m;[39m
     [90m 134 |[39m     
})[33m;[39m
     [90m 135 |[39m[0m

      at 
Object.getElementError (node
_modules/@testing-library/do
m/dist/config.js:37:19)
      at getElementError (no
de_modules/@testing-library/
dom/dist/query-helpers.js:20
:35)
      at getMultipleElements
FoundError (node_modules/@te
sting-library/dom/dist/query
-helpers.js:23:10)
      at node_modules/@testi
ng-library/dom/dist/query-he
lpers.js:55:13
      at getByText (node_mod
ules/@testing-library/dom/di
st/query-helpers.js:95:19)
      at Object.<anonymous> 
(src/components/Accessibilit
ySettings.test.tsx:132:21)
      at 
TestScheduler.scheduleTests 
(node_modules/@jest/core/bui
ld/TestScheduler.js:333:13)
      at runJest (node_modul
es/@jest/core/build/runJest.
js:404:19)
      at _run10000 (node_mod
ules/@jest/core/build/cli/in
dex.js:320:7)
      at runCLI (node_module
s/@jest/core/build/cli/index
.js:173:3)

  ΓùÅ AccessibilitySettings 
Component ΓÇ║ Audio Speed 
Controls ΓÇ║ renders audio 
speed button options

    
TestingLibraryElementError: 
Unable to find an 
accessible element with the 
role "button" and name 
`/1.0x/i`

    Here are the accessible 
roles:

      banner:

      Name "":
      [36m<header[39m
        [33mclass[39m=[32
m"settings-header"[39m
      [36m/>[39m

      ----------------------
----------------------------
      heading:

      Name "Accessibility 
Settings":
      [36m<h1 />[39m

      Name "Theme":
      [36m<h2 />[39m

      Name "Font Size":
      [36m<h2 />[39m

      Name "Audio Speed":
      [36m<h2 />[39m

      Name "Contrast Mode":
      [36m<h2 />[39m

      Name "Current 
Settings":
      [36m<h3 />[39m

      ----------------------
----------------------------
      paragraph:

      Name "":
      [36m<p />[39m

      Name "":
      [36m<p[39m
        [33mclass[39m=[32
m"section-description"[39m
      [36m/>[39m

      Name "":
      [36m<p[39m
        [33mclass[39m=[32
m"section-description"[39m
      [36m/>[39m

      Name "":
      [36m<p[39m
        [33mclass[39m=[32
m"preview-sample"[39m
      [36m/>[39m

      Name "":
      [36m<p[39m
        [33mclass[39m=[32
m"section-description"[39m
      [36m/>[39m

      Name "":
      [36m<p[39m
        [33mclass[39m=[32
m"section-description"[39m
      [36m/>[39m

      ----------------------
----------------------------
      button:

      Name "ΓÿÇ∩╕Å Light":
      [36m<button[39m
        [33maria-pressed[3
9m=[32m"true"[39m
        [33mclass[39m=[32
m"theme-button active"[39m
      [36m/>[39m

      Name "≡ƒîÖ Dark":
      [36m<button[39m
        [33maria-pressed[3
9m=[32m"false"[39m
        [33mclass[39m=[32
m"theme-button "[39m
      [36m/>[39m

      Name "Small":
      [36m<button[39m
        [33maria-pressed[3
9m=[32m"false"[39m
        [33mclass[39m=[32
m"font-button "[39m
      [36m/>[39m

      Name "Medium":
      [36m<button[39m
        [33maria-pressed[3
9m=[32m"true"[39m
        [33mclass[39m=[32
m"font-button active"[39m
      [36m/>[39m

      Name "Large":
      [36m<button[39m
        [33maria-pressed[3
9m=[32m"false"[39m
        [33mclass[39m=[32
m"font-button "[39m
      [36m/>[39m

      Name "0.75x":
      [36m<button[39m
        [33maria-pressed[3
9m=[32m"false"[39m
        [33mclass[39m=[32
m"speed-button "[39m
      [36m/>[39m

      Name "1x":
      [36m<button[39m
        [33maria-pressed[3
9m=[32m"true"[39m
        [33mclass[39m=[32
m"speed-button active"[39m
      [36m/>[39m

      Name "1.25x":
      [36m<button[39m
        [33maria-pressed[3
9m=[32m"false"[39m
        [33mclass[39m=[32
m"speed-button "[39m
      [36m/>[39m

      Name "1.5x":
      [36m<button[39m
        [33maria-pressed[3
9m=[32m"false"[39m
        [33mclass[39m=[32
m"speed-button "[39m
      [36m/>[39m

      Name "Save Settings":
      [36m<button[39m
        [33mclass[39m=[32
m"button 
button-primary"[39m
      [36m/>[39m

      Name "Reset to 
Defaults":
      [36m<button[39m
        [33mclass[39m=[32
m"button 
button-secondary"[39m
      [36m/>[39m

      ----------------------
----------------------------
      slider:

      Name "Audio speed 
slider":
      [36m<input[39m
        [33maria-label[39m
=[32m"Audio speed 
slider"[39m
        [33mmax[39m=[32m"
1.5"[39m
        [33mmin[39m=[32m"
0.75"[39m
        [33mstep[39m=[32m
"0.25"[39m
        [33mtype[39m=[32m
"range"[39m
        [33mvalue[39m=[32
m"1"[39m
      [36m/>[39m

      ----------------------
----------------------------
      checkbox:

      Name "Toggle contrast 
mode":
      [36m<input[39m
        [33maria-label[39m
=[32m"Toggle contrast 
mode"[39m
        [33mtype[39m=[32m
"checkbox"[39m
      [36m/>[39m

      ----------------------
----------------------------

    Ignored nodes: 
comments, script, style
    [36m<body>[39m
      [36m<div>[39m
        [36m<div[39m
          [33mclass[39m=[
32m"accessibility-settings"
[39m
        [36m>[39m
          [36m<header[39m
            [33mclass[39m=
[32m"settings-header"[39m
          [36m>[39m
            [36m<h1>[39m
              
[0mAccessibility 
Settings[0m
            [36m</h1>[39m
            [36m<p>[39m
              [0mCustomize 
your learning experience[0m
            [36m</p>[39m
          
[36m</header>[39m
          [36m<section[39m
            [33mclass[39m=
[32m"settings-section 
card"[39m
          [36m>[39m
            [36m<h2>[39m
              [0mTheme[0m
            [36m</h2>[39m
            [36m<p[39m
              [33mclass[39
m=[32m"section-description"
[39m
            [36m>[39m
              [0mChoose 
your preferred theme[0m
            [36m</p>[39m
            [36m<div[39m
              [33mclass[39
m=[32m"theme-options"[39m
            [36m>[39m
              
[36m<button[39m
                [33maria-pr
essed[39m=[32m"true"[39m
                [33mclass[
39m=[32m"theme-button 
active"[39m
              [36m>[39m
                
[36m<span[39m
                  [33mclass
[39m=[32m"theme-icon"[39m
                [36m>[39m
                  
[0mΓÿÇ∩╕Å[0m
                
[36m</span>[39m
                
[36m<span>[39m
                  
[0mLight[0m
                
[36m</span>[39m
              
[36m</button>[39m
              
[36m<button[39m
                [33maria-pr
essed[39m=[32m"false"[39m
                [33mclass[
39m=[32m"theme-button 
"[39m
              [36m>[39m
                
[36m<span[39m
                  [33mclass
[39m=[32m"theme-icon"[39m
                [36m>[39m
                  
[0m≡ƒîÖ[0m
                
[36m</span>[39m
                
[36m<span>[39m
                  
[0mDark[0m
                
[36m</span>[39m
              
[36m</button>[39m
            [36m</div>[39m
          
[36m</section>[39m
          [36m<section[39m
            [33mclass[39m=
[32m"settings-section 
card"[39m
          [36m>[39m
            [36m<h2>[39m
              [0mFont 
Size[0m
            [36m</h2>[39m
            [36m<p[39m
              [33mclass[39
m=[32m"section-description"
[39m
            [36m>[39m
              [0mAdjust 
text size for better 
readability[0m
            [36m</p>[39m
            [36m<div[39m
              [33mclass[39
m=[32m"font-size-controls"
[39m
            [36m>[39m
              
[36m<button[39m
                [33maria-pr
essed[39m=[32m"false"[39m
                [33mclass[
39m=[32m"font-button "[39m
              [36m>[39m
                
[0mSmall[0m
              
[36m</button>[39m
              
[36m<button[39m
                [33maria-pr
essed[39m=[32m"true"[39m
                [33mclass[
39m=[32m"font-button 
active"[39m
              [36m>[39m
                
[0mMedium[0m
              
[36m</button>[39m
              
[36m<button[39m
                [33maria-pr
essed[39m=[32m"false"[39m
                [33mclass[
39m=[32m"font-button "[39m
              [36m>[39m
                
[0mLarge[0m
              
[36m</button>[39m
            [36m</div>[39m
            [36m<div[39m
              [33mclass[39
m=[32m"preview-text"[39m
            [36m>[39m
              [36m<p[39m
                [33mclass[
39m=[32m"preview-sample"[3
9m
              [36m>[39m
                [0mThe 
quick brown fox jumps over 
the lazy dog[0m
              [36m</p>[39m
            [36m</div>[39m
          
[36m</section>[39m
          [36m<section[39m
            [33mclass[39m=
[32m"settings-section 
card"[39m
          [36m>[39m
            [36m<h2>[39m
              [0mAudio 
Speed[0m
            [36m</h2>[39m
            [36m<p[39m
              [33mclass[39
m=[32m"section-description"
[39m
            [36m>[39m
              [0mControl 
playback speed of audio 
content[0m
            [36m</p>[39m
            [36m<div[39m
              [33mclass[39
m=[32m"audio-speed-controls
"[39m
            [36m>[39m
              
[36m<button[39m
                [33maria-pr
essed[39m=[32m"false"[39m
                [33mclass[
39m=[32m"speed-button 
"[39m
              [36m>[39m
                [0m0.75[0m
                [0mx[0m
              
[36m</button>[39m
              
[36m<button[39m
                [33maria-pr
essed[39m=[32m"true"[39m
                [33mclass[
39m=[32m"speed-button 
active"[39m
              [36m>[39m
                [0m1[0m
                [0mx[0m
              
[36m</button>[39m
              
[36m<button[39m
                [33maria-pr
essed[39m=[32m"false"[39m
                [33mclass[
39m=[32m"speed-button 
"[39m
              [36m>[39m
                [0m1.25[0m
                [0mx[0m
              
[36m</button>[39m
              
[36m<button[39m
                [33maria-pr
essed[39m=[32m"false"[39m
                [33mclass[
39m=[32m"speed-button 
"[39m
              [36m>[39m
                [0m1.5[0m
                [0mx[0m
              
[36m</button>[39m
            [36m</div>[39m
            [36m<div[39m
              [33mclass[39
m=[32m"speed-slider"[39m
            [36m>[39m
              
[36m<input[39m
                [33maria-la
bel[39m=[32m"Audio speed 
slider"[39m
                [33mmax[39
m=[32m"1.5"[39m
                [33mmin[39
m=[32m"0.75"[39m
                [33mstep[3
9m=[32m"0.25"[39m
                [33mtype[3
9m=[32m"range"[39m
                [33mvalue[
39m=[32m"1"[39m
              [36m/>[39m
              
[36m<span[39m
                [33mclass[
39m=[32m"slider-value"[39m
              [36m>[39m
                [0m1[0m
                [0mx[0m
              
[36m</span>[39m
            [36m</div>[39m
          
[36m</section>[39m
          [36m<section[39m
            [33mclass[39m=
[32m"settings-section 
card"[39m
          [36m>[39m
            [36m<h2>[39m
              [0mContrast 
Mode[0m
            [36m</h2>[39m
            [36m<p[39m
              [33mclass[39
m=[32m"section-description"
[39m
            [36m>[39m
              [0mIncrease 
screen contrast for better 
visibility[0m
            [36m</p>[39m
            [36m<label[39m
              [33mclass[39
m=[32m"toggle-switch"[39m
            [36m>[39m
              
[36m<input[39m
                [33maria-la
bel[39m=[32m"Toggle 
contrast mode"[39m
                [33mtype[3
9m=[32m"checkbox"[39m
              [36m/>[39m
              
[36m<span[39m
                [33mclass[
39m=[32m"toggle-slider"[39
m
              [36m/>[39m
              
[36m<span[39m
                [33mclass[
39m=[32m"toggle-label"[39m
              [36m>[39m
                
[0mDisabled[0m
              
[36m</span>[39m
            
[36m</label>[39m
          
[36m</section>[39m
          [36m<div[39m
            [33mclass[39m=
[32m"settings-actions"[39m
          [36m>[39m
            
[36m<button[39m
              [33mclass[39
m=[32m"button 
button-primary"[39m
            [36m>[39m
              [0mSave 
Settings[0m
            
[36m</button>[39m
            
[36m<button[39m
              [33mclass[39
m=[32m"button 
button-secondary"[39m
            [36m>[39m
              [0mReset to 
Defaults[0m
            
[36m</button>[39m
          [36m</div>[39m
          [36m<section[39m
            [33mclass[39m=
[32m"settings-summary 
card"[39m
          [36m>[39m
            [36m<h3>[39m
              [0mCurrent 
Settings[0m
            [36m</h3>[39m
            [36m<div[39m
              [33mclass[39
m=[32m"summary-grid"[39m
            [36m>[39m
              [36m<div[39m
                [33mclass[
39m=[32m"summary-item"[39m
              [36m>[39m
                
[36m<span[39m
                  [33mclass
[39m=[32m"summary-label"[
39m
                [36m>[39m
                  
[0mTheme[0m
                  [0m:[0m
                
[36m</span>[39m
                
[36m<span[39m
                  [33mclass
[39m=[32m"summary-value"[
39m
                [36m>[39m
                  
[0mLight[0m
                
[36m</span>[39m
              
[36m</div>[39m
              [36m<div[39m
                [33mclass[
39m=[32m"summary-item"[39m
              [36m>[39m
                
[36m<span[39m
                  [33mclass
[39m=[32m"summary-label"[
39m
                [36m>[39m
                  [0mFont 
Size[0m
                  [0m:[0m
                
[36m</span>[39m
                
[36m<span[39m
                  [33mclass
[39m=[32m"summary-value"[
39m
                [36m>[39m
                  [0maccess
ibility.fontSize.16[0m
                
[36m</span>[39m
              
[36m</div>[39m
              [36m<div[39m
                [33mclass[
39m=[32m"summary-item"[39m
              [36m>[39m
                
[36m<span[39m
                  [33mclass
[39m=[32m"summary-label"[
39m
                [36m>[39m
                  [0mAudio 
Speed[0m
                  [0m:[0m
                
[36m</span>[39m
                
[36m<span[39m
                  [33mclass
[39m=[32m"summary-value"[
39m
                [36m>[39m
                  [0m1[0m
                  [0mx[0m
                
[36m</span>[39m
              
[36m</div>[39m
              [36m<div[39m
                [33mclass[
39m=[32m"summary-item"[39m
              [36m>[39m
                
[36m<span[39m
                  [33mclass
[39m=[32m"summary-label"[
39m
                [36m>[39m
                  
[0mContrast Mode[0m
                  [0m:[0m
                
[36m</span>[39m
                
[36m<span[39m
                  [33mclass
[39m=[32m"summary-value"[
39m
                [36m>[39m
                  
[0mDisabled[0m
                
[36m</span>[39m
              
[36m</div>[39m
            [36m</div>[39m
          
[36m</section>[39m
        [36m</div>[39m
      [36m</div>[39m
    [36m</body>[39m

    [0m [90m 185 |[39m   
    render([33m<[39m[33mA
ccessibilitySettings[39m [
33m/[39m[33m>[39m)[33m;
[39m
     [90m 186 |[39m       
expect(screen[33m.[39mgetB
yRole([32m'button'[39m[33
m,[39m { name[33m:[39m 
[35m/0.75x/i[39m }))[33m.
[39mtoBeInTheDocument()[33
m;[39m
    
[31m[1m>[22m[39m[90m 
187 |[39m       expect(scre
en[33m.[39mgetByRole([32m
'button'[39m[33m,[39m { 
name[33m:[39m 
[35m/1.0x/i[39m }))[33m.
[39mtoBeInTheDocument()[33m
;[39m
     [90m     |[39m       
              
[31m[1m^[22m[39m
     [90m 188 |[39m       
expect(screen[33m.[39mgetB
yRole([32m'button'[39m[33
m,[39m { name[33m:[39m 
[35m/1.25x/i[39m }))[33m.
[39mtoBeInTheDocument()[33
m;[39m
     [90m 189 |[39m       
expect(screen[33m.[39mgetB
yRole([32m'button'[39m[33
m,[39m { name[33m:[39m 
[35m/1.5x/i[39m }))[33m.
[39mtoBeInTheDocument()[33m
;[39m
     [90m 190 |[39m     
})[33m;[39m[0m

      at 
Object.getElementError (node
_modules/@testing-library/do
m/dist/config.js:37:19)
      at node_modules/@testi
ng-library/dom/dist/query-he
lpers.js:76:38
      at node_modules/@testi
ng-library/dom/dist/query-he
lpers.js:52:17
      at getByRole (node_mod
ules/@testing-library/dom/di
st/query-helpers.js:95:19)
      at Object.<anonymous> 
(src/components/Accessibilit
ySettings.test.tsx:187:21)
      at 
TestScheduler.scheduleTests 
(node_modules/@jest/core/bui
ld/TestScheduler.js:333:13)
      at runJest (node_modul
es/@jest/core/build/runJest.
js:404:19)
      at _run10000 (node_mod
ules/@jest/core/build/cli/in
dex.js:320:7)
      at runCLI (node_module
s/@jest/core/build/cli/index
.js:173:3)

  ΓùÅ AccessibilitySettings 
Component ΓÇ║ Audio Speed 
Controls ΓÇ║ highlights 
active audio speed button

    
TestingLibraryElementError: 
Unable to find an 
accessible element with the 
role "button" and name 
`/1.0x/i`

    Here are the accessible 
roles:

      banner:

      Name "":
      [36m<header[39m
        [33mclass[39m=[32
m"settings-header"[39m
      [36m/>[39m

      ----------------------
----------------------------
      heading:

      Name "Accessibility 
Settings":
      [36m<h1 />[39m

      Name "Theme":
      [36m<h2 />[39m

      Name "Font Size":
      [36m<h2 />[39m

      Name "Audio Speed":
      [36m<h2 />[39m

      Name "Contrast Mode":
      [36m<h2 />[39m

      Name "Current 
Settings":
      [36m<h3 />[39m

      ----------------------
----------------------------
      paragraph:

      Name "":
      [36m<p />[39m

      Name "":
      [36m<p[39m
        [33mclass[39m=[32
m"section-description"[39m
      [36m/>[39m

      Name "":
      [36m<p[39m
        [33mclass[39m=[32
m"section-description"[39m
      [36m/>[39m

      Name "":
      [36m<p[39m
        [33mclass[39m=[32
m"preview-sample"[39m
      [36m/>[39m

      Name "":
      [36m<p[39m
        [33mclass[39m=[32
m"section-description"[39m
      [36m/>[39m

      Name "":
      [36m<p[39m
        [33mclass[39m=[32
m"section-description"[39m
      [36m/>[39m

      ----------------------
----------------------------
      button:

      Name "ΓÿÇ∩╕Å Light":
      [36m<button[39m
        [33maria-pressed[3
9m=[32m"true"[39m
        [33mclass[39m=[32
m"theme-button active"[39m
      [36m/>[39m

      Name "≡ƒîÖ Dark":
      [36m<button[39m
        [33maria-pressed[3
9m=[32m"false"[39m
        [33mclass[39m=[32
m"theme-button "[39m
      [36m/>[39m

      Name "Small":
      [36m<button[39m
        [33maria-pressed[3
9m=[32m"false"[39m
        [33mclass[39m=[32
m"font-button "[39m
      [36m/>[39m

      Name "Medium":
      [36m<button[39m
        [33maria-pressed[3
9m=[32m"true"[39m
        [33mclass[39m=[32
m"font-button active"[39m
      [36m/>[39m

      Name "Large":
      [36m<button[39m
        [33maria-pressed[3
9m=[32m"false"[39m
        [33mclass[39m=[32
m"font-button "[39m
      [36m/>[39m

      Name "0.75x":
      [36m<button[39m
        [33maria-pressed[3
9m=[32m"false"[39m
        [33mclass[39m=[32
m"speed-button "[39m
      [36m/>[39m

      Name "1x":
      [36m<button[39m
        [33maria-pressed[3
9m=[32m"true"[39m
        [33mclass[39m=[32
m"speed-button active"[39m
      [36m/>[39m

      Name "1.25x":
      [36m<button[39m
        [33maria-pressed[3
9m=[32m"false"[39m
        [33mclass[39m=[32
m"speed-button "[39m
      [36m/>[39m

      Name "1.5x":
      [36m<button[39m
        [33maria-pressed[3
9m=[32m"false"[39m
        [33mclass[39m=[32
m"speed-button "[39m
      [36m/>[39m

      Name "Save Settings":
      [36m<button[39m
        [33mclass[39m=[32
m"button 
button-primary"[39m
      [36m/>[39m

      Name "Reset to 
Defaults":
      [36m<button[39m
        [33mclass[39m=[32
m"button 
button-secondary"[39m
      [36m/>[39m

      ----------------------
----------------------------
      slider:

      Name "Audio speed 
slider":
      [36m<input[39m
        [33maria-label[39m
=[32m"Audio speed 
slider"[39m
        [33mmax[39m=[32m"
1.5"[39m
        [33mmin[39m=[32m"
0.75"[39m
        [33mstep[39m=[32m
"0.25"[39m
        [33mtype[39m=[32m
"range"[39m
        [33mvalue[39m=[32
m"1"[39m
      [36m/>[39m

      ----------------------
----------------------------
      checkbox:

      Name "Toggle contrast 
mode":
      [36m<input[39m
        [33maria-label[39m
=[32m"Toggle contrast 
mode"[39m
        [33mtype[39m=[32m
"checkbox"[39m
      [36m/>[39m

      ----------------------
----------------------------

    Ignored nodes: 
comments, script, style
    [36m<body>[39m
      [36m<div>[39m
        [36m<div[39m
          [33mclass[39m=[
32m"accessibility-settings"
[39m
        [36m>[39m
          [36m<header[39m
            [33mclass[39m=
[32m"settings-header"[39m
          [36m>[39m
            [36m<h1>[39m
              
[0mAccessibility 
Settings[0m
            [36m</h1>[39m
            [36m<p>[39m
              [0mCustomize 
your learning experience[0m
            [36m</p>[39m
          
[36m</header>[39m
          [36m<section[39m
            [33mclass[39m=
[32m"settings-section 
card"[39m
          [36m>[39m
            [36m<h2>[39m
              [0mTheme[0m
            [36m</h2>[39m
            [36m<p[39m
              [33mclass[39
m=[32m"section-description"
[39m
            [36m>[39m
              [0mChoose 
your preferred theme[0m
            [36m</p>[39m
            [36m<div[39m
              [33mclass[39
m=[32m"theme-options"[39m
            [36m>[39m
              
[36m<button[39m
                [33maria-pr
essed[39m=[32m"true"[39m
                [33mclass[
39m=[32m"theme-button 
active"[39m
              [36m>[39m
                
[36m<span[39m
                  [33mclass
[39m=[32m"theme-icon"[39m
                [36m>[39m
                  
[0mΓÿÇ∩╕Å[0m
                
[36m</span>[39m
                
[36m<span>[39m
                  
[0mLight[0m
                
[36m</span>[39m
              
[36m</button>[39m
              
[36m<button[39m
                [33maria-pr
essed[39m=[32m"false"[39m
                [33mclass[
39m=[32m"theme-button 
"[39m
              [36m>[39m
                
[36m<span[39m
                  [33mclass
[39m=[32m"theme-icon"[39m
                [36m>[39m
                  
[0m≡ƒîÖ[0m
                
[36m</span>[39m
                
[36m<span>[39m
                  
[0mDark[0m
                
[36m</span>[39m
              
[36m</button>[39m
            [36m</div>[39m
          
[36m</section>[39m
          [36m<section[39m
            [33mclass[39m=
[32m"settings-section 
card"[39m
          [36m>[39m
            [36m<h2>[39m
              [0mFont 
Size[0m
            [36m</h2>[39m
            [36m<p[39m
              [33mclass[39
m=[32m"section-description"
[39m
            [36m>[39m
              [0mAdjust 
text size for better 
readability[0m
            [36m</p>[39m
            [36m<div[39m
              [33mclass[39
m=[32m"font-size-controls"
[39m
            [36m>[39m
              
[36m<button[39m
                [33maria-pr
essed[39m=[32m"false"[39m
                [33mclass[
39m=[32m"font-button "[39m
              [36m>[39m
                
[0mSmall[0m
              
[36m</button>[39m
              
[36m<button[39m
                [33maria-pr
essed[39m=[32m"true"[39m
                [33mclass[
39m=[32m"font-button 
active"[39m
              [36m>[39m
                
[0mMedium[0m
              
[36m</button>[39m
              
[36m<button[39m
                [33maria-pr
essed[39m=[32m"false"[39m
                [33mclass[
39m=[32m"font-button "[39m
              [36m>[39m
                
[0mLarge[0m
              
[36m</button>[39m
            [36m</div>[39m
            [36m<div[39m
              [33mclass[39
m=[32m"preview-text"[39m
            [36m>[39m
              [36m<p[39m
                [33mclass[
39m=[32m"preview-sample"[3
9m
              [36m>[39m
                [0mThe 
quick brown fox jumps over 
the lazy dog[0m
              [36m</p>[39m
            [36m</div>[39m
          
[36m</section>[39m
          [36m<section[39m
            [33mclass[39m=
[32m"settings-section 
card"[39m
          [36m>[39m
            [36m<h2>[39m
              [0mAudio 
Speed[0m
            [36m</h2>[39m
            [36m<p[39m
              [33mclass[39
m=[32m"section-description"
[39m
            [36m>[39m
              [0mControl 
playback speed of audio 
content[0m
            [36m</p>[39m
            [36m<div[39m
              [33mclass[39
m=[32m"audio-speed-controls
"[39m
            [36m>[39m
              
[36m<button[39m
                [33maria-pr
essed[39m=[32m"false"[39m
                [33mclass[
39m=[32m"speed-button 
"[39m
              [36m>[39m
                [0m0.75[0m
                [0mx[0m
              
[36m</button>[39m
              
[36m<button[39m
                [33maria-pr
essed[39m=[32m"true"[39m
                [33mclass[
39m=[32m"speed-button 
active"[39m
              [36m>[39m
                [0m1[0m
                [0mx[0m
              
[36m</button>[39m
              
[36m<button[39m
                [33maria-pr
essed[39m=[32m"false"[39m
                [33mclass[
39m=[32m"speed-button 
"[39m
              [36m>[39m
                [0m1.25[0m
                [0mx[0m
              
[36m</button>[39m
              
[36m<button[39m
                [33maria-pr
essed[39m=[32m"false"[39m
                [33mclass[
39m=[32m"speed-button 
"[39m
              [36m>[39m
                [0m1.5[0m
                [0mx[0m
              
[36m</button>[39m
            [36m</div>[39m
            [36m<div[39m
              [33mclass[39
m=[32m"speed-slider"[39m
            [36m>[39m
              
[36m<input[39m
                [33maria-la
bel[39m=[32m"Audio speed 
slider"[39m
                [33mmax[39
m=[32m"1.5"[39m
                [33mmin[39
m=[32m"0.75"[39m
                [33mstep[3
9m=[32m"0.25"[39m
                [33mtype[3
9m=[32m"range"[39m
                [33mvalue[
39m=[32m"1"[39m
              [36m/>[39m
              
[36m<span[39m
                [33mclass[
39m=[32m"slider-value"[39m
              [36m>[39m
                [0m1[0m
                [0mx[0m
              
[36m</span>[39m
            [36m</div>[39m
          
[36m</section>[39m
          [36m<section[39m
            [33mclass[39m=
[32m"settings-section 
card"[39m
          [36m>[39m
            [36m<h2>[39m
              [0mContrast 
Mode[0m
            [36m</h2>[39m
            [36m<p[39m
              [33mclass[39
m=[32m"section-description"
[39m
            [36m>[39m
              [0mIncrease 
screen contrast for better 
visibility[0m
            [36m</p>[39m
            [36m<label[39m
              [33mclass[39
m=[32m"toggle-switch"[39m
            [36m>[39m
              
[36m<input[39m
                [33maria-la
bel[39m=[32m"Toggle 
contrast mode"[39m
                [33mtype[3
9m=[32m"checkbox"[39m
              [36m/>[39m
              
[36m<span[39m
                [33mclass[
39m=[32m"toggle-slider"[39
m
              [36m/>[39m
              
[36m<span[39m
                [33mclass[
39m=[32m"toggle-label"[39m
              [36m>[39m
                
[0mDisabled[0m
              
[36m</span>[39m
            
[36m</label>[39m
          
[36m</section>[39m
          [36m<div[39m
            [33mclass[39m=
[32m"settings-actions"[39m
          [36m>[39m
            
[36m<button[39m
              [33mclass[39
m=[32m"button 
button-primary"[39m
            [36m>[39m
              [0mSave 
Settings[0m
            
[36m</button>[39m
            
[36m<button[39m
              [33mclass[39
m=[32m"button 
button-secondary"[39m
            [36m>[39m
              [0mReset to 
Defaults[0m
            
[36m</button>[39m
          [36m</div>[39m
          [36m<section[39m
            [33mclass[39m=
[32m"settings-summary 
card"[39m
          [36m>[39m
            [36m<h3>[39m
              [0mCurrent 
Settings[0m
            [36m</h3>[39m
            [36m<div[39m
              [33mclass[39
m=[32m"summary-grid"[39m
            [36m>[39m
              [36m<div[39m
                [33mclass[
39m=[32m"summary-item"[39m
              [36m>[39m
                
[36m<span[39m
                  [33mclass
[39m=[32m"summary-label"[
39m
                [36m>[39m
                  
[0mTheme[0m
                  [0m:[0m
                
[36m</span>[39m
                
[36m<span[39m
                  [33mclass
[39m=[32m"summary-value"[
39m
                [36m>[39m
                  
[0mLight[0m
                
[36m</span>[39m
              
[36m</div>[39m
              [36m<div[39m
                [33mclass[
39m=[32m"summary-item"[39m
              [36m>[39m
                
[36m<span[39m
                  [33mclass
[39m=[32m"summary-label"[
39m
                [36m>[39m
                  [0mFont 
Size[0m
                  [0m:[0m
                
[36m</span>[39m
                
[36m<span[39m
                  [33mclass
[39m=[32m"summary-value"[
39m
                [36m>[39m
                  [0maccess
ibility.fontSize.16[0m
                
[36m</span>[39m
              
[36m</div>[39m
              [36m<div[39m
                [33mclass[
39m=[32m"summary-item"[39m
              [36m>[39m
                
[36m<span[39m
                  [33mclass
[39m=[32m"summary-label"[
39m
                [36m>[39m
                  [0mAudio 
Speed[0m
                  [0m:[0m
                
[36m</span>[39m
                
[36m<span[39m
                  [33mclass
[39m=[32m"summary-value"[
39m
                [36m>[39m
                  [0m1[0m
                  [0mx[0m
                
[36m</span>[39m
              
[36m</div>[39m
              [36m<div[39m
                [33mclass[
39m=[32m"summary-item"[39m
              [36m>[39m
                
[36m<span[39m
                  [33mclass
[39m=[32m"summary-label"[
39m
                [36m>[39m
                  
[0mContrast Mode[0m
                  [0m:[0m
                
[36m</span>[39m
                
[36m<span[39m
                  [33mclass
[39m=[32m"summary-value"[
39m
                [36m>[39m
                  
[0mDisabled[0m
                
[36m</span>[39m
              
[36m</div>[39m
            [36m</div>[39m
          
[36m</section>[39m
        [36m</div>[39m
      [36m</div>[39m
    [36m</body>[39m

    [0m [90m 192 |[39m   
  test([32m'highlights 
active audio speed 
button'[39m[33m,[39m () 
[33m=>[39m {
     [90m 193 |[39m       
render([33m<[39m[33mAcces
sibilitySettings[39m [33m/
[39m[33m>[39m)[33m;[39m
    
[31m[1m>[22m[39m[90m 
194 |[39m       
[36mconst[39m 
normalButton [33m=[39m scr
een[33m.[39mgetByRole([32
m'button'[39m[33m,[39m { 
name[33m:[39m 
[35m/1.0x/i[39m 
})[33m;[39m
     [90m     |[39m       
                            
[31m[1m^[22m[39m
     [90m 195 |[39m       
expect(normalButton)[33m.[
39mtoHaveClass([32m'active'
[39m)[33m;[39m
     [90m 196 |[39m     
})[33m;[39m
     [90m 197 |[39m[0m

      at 
Object.getElementError (node
_modules/@testing-library/do
m/dist/config.js:37:19)
      at node_modules/@testi
ng-library/dom/dist/query-he
lpers.js:76:38
      at node_modules/@testi
ng-library/dom/dist/query-he
lpers.js:52:17
      at getByRole (node_mod
ules/@testing-library/dom/di
st/query-helpers.js:95:19)
      at Object.<anonymous> 
(src/components/Accessibilit
ySettings.test.tsx:194:35)
      at 
TestScheduler.scheduleTests 
(node_modules/@jest/core/bui
ld/TestScheduler.js:333:13)
      at runJest (node_modul
es/@jest/core/build/runJest.
js:404:19)
      at _run10000 (node_mod
ules/@jest/core/build/cli/in
dex.js:320:7)
      at runCLI (node_module
s/@jest/core/build/cli/index
.js:173:3)

Test Suites: 1 failed, 1 
total
Tests:       3 failed, 43 
passed, 46 total
Snapshots:   0 total
Time:        2.15 s
Ran all test suites 
matching /AccessibilitySetti
ngs.test.tsx/i.
