
> frontend@0.1.0 test
> react-scripts test Exercises.test.tsx --watchAll=false

  console.warn
    react-i18next:: You will need to pass in an i18next instance by using initReactI18next

    [0m [90m 24 |[39m
     [90m 25 |[39m [36mconst[39m [33mExercises[39m[33m:[39m [33mReact[39m[33m.[39m[33mFC[39m[33m<[39m[33mExercisesProps[39m[33m>[39m [33m=[39m ({ onNavigate[33m,[39m onBackToLesson[33m,[39m lessonId[33m,[39m userId }) [33m=>[39m {
    [31m[1m>[22m[39m[90m 26 |[39m     [36mconst[39m { t } [33m=[39m useTranslation()[33m;[39m
     [90m    |[39m                                 [31m[1m^[22m[39m
     [90m 27 |[39m     [36mconst[39m [lessons[33m,[39m setLessons] [33m=[39m useState[33m<[39m[33mLesson[39m[][33m>[39m([])[33m;[39m
     [90m 28 |[39m     [36mconst[39m [loading[33m,[39m setLoading] [33m=[39m useState([36mtrue[39m)[33m;[39m
     [90m 29 |[39m     [36mconst[39m [error[33m,[39m setError] [33m=[39m useState[33m<[39m[33mstring[39m [33m|[39m [36mnull[39m[33m>[39m([36mnull[39m)[33m;[39m[0m

      at warn (node_modules/react-i18next/dist/commonjs/utils.js:18:13)
      at warnOnce (node_modules/react-i18next/dist/commonjs/utils.js:28:3)
      at useTranslation (node_modules/react-i18next/dist/commonjs/useTranslation.js:29:25)
      at Exercises (src/components/Exercises.tsx:26:33)
      at Object.react_stack_bottom_frame (node_modules/react-dom/cjs/react-dom-client.development.js:25904:20)
      at renderWithHooks (node_modules/react-dom/cjs/react-dom-client.development.js:7662:22)
      at updateFunctionComponent (node_modules/react-dom/cjs/react-dom-client.development.js:10166:19)
      at beginWork (node_modules/react-dom/cjs/react-dom-client.development.js:11778:18)
      at runWithFiberInDEV (node_modules/react-dom/cjs/react-dom-client.development.js:874:13)
      at performUnitOfWork (node_modules/react-dom/cjs/react-dom-client.development.js:17641:22)
      at workLoopSync (node_modules/react-dom/cjs/react-dom-client.development.js:17469:41)
      at renderRootSync (node_modules/react-dom/cjs/react-dom-client.development.js:17450:11)
      at performWorkOnRoot (node_modules/react-dom/cjs/react-dom-client.development.js:16504:11)
      at performWorkOnRootViaSchedulerTask (node_modules/react-dom/cjs/react-dom-client.development.js:18957:7)
      at flushActQueue (node_modules/react/cjs/react.development.js:590:34)
      at Object.<anonymous>.process.env.NODE_ENV.exports.act (node_modules/react/cjs/react.development.js:884:10)
      at node_modules/@testing-library/react/dist/act-compat.js:46:25
      at renderRoot (node_modules/@testing-library/react/dist/pure.js:189:26)
      at render (node_modules/@testing-library/react/dist/pure.js:291:10)
      at Object.<anonymous> (src/components/Exercises.test.tsx:57:15)
      at TestScheduler.scheduleTests (node_modules/@jest/core/build/TestScheduler.js:333:13)
      at runJest (node_modules/@jest/core/build/runJest.js:404:19)
      at _run10000 (node_modules/@jest/core/build/cli/index.js:320:7)
      at runCLI (node_modules/@jest/core/build/cli/index.js:173:3)

  console.error
    An update to Exercises inside a test was not wrapped in act(...).
    
    When testing, code that causes React state updates should be wrapped into act(...):
    
    act(() => {
      /* fire events that update state */
    });
    /* assert on the output */
    
    This ensures that you're testing the behavior the user would see in the browser. Learn more at https://react.dev/link/wrap-tests-with-act

    [0m [90m 65 |[39m                 [36mconst[39m fetchedLessons [33m=[39m [36mawait[39m fetchExercisesByLesson(parsedId)[33m;[39m
     [90m 66 |[39m                 [36mif[39m (fetchedLessons[33m.[39mlength [33m>[39m [35m0[39m) {
    [31m[1m>[22m[39m[90m 67 |[39m                     setLessons(fetchedLessons)[33m;[39m
     [90m    |[39m                     [31m[1m^[22m[39m
     [90m 68 |[39m                     setLessonIndex([35m0[39m)[33m;[39m
     [90m 69 |[39m                 } [36melse[39m {
     [90m 70 |[39m                     setError([32m"No exercises found for this lesson."[39m)[33m;[39m[0m

      at node_modules/react-dom/cjs/react-dom-client.development.js:18758:19
      at runWithFiberInDEV (node_modules/react-dom/cjs/react-dom-client.development.js:874:13)
      at warnIfUpdatesNotWrappedWithActDEV (node_modules/react-dom/cjs/react-dom-client.development.js:18757:9)
      at scheduleUpdateOnFiber (node_modules/react-dom/cjs/react-dom-client.development.js:16409:11)
      at dispatchSetStateInternal (node_modules/react-dom/cjs/react-dom-client.development.js:9170:13)
      at setLessons (node_modules/react-dom/cjs/react-dom-client.development.js:9127:7)
      at loadExercises (src/components/Exercises.tsx:67:21)

  console.error
    An update to Exercises inside a test was not wrapped in act(...).
    
    When testing, code that causes React state updates should be wrapped into act(...):
    
    act(() => {
      /* fire events that update state */
    });
    /* assert on the output */
    
    This ensures that you're testing the behavior the user would see in the browser. Learn more at https://react.dev/link/wrap-tests-with-act

    [0m [90m 66 |[39m                 [36mif[39m (fetchedLessons[33m.[39mlength [33m>[39m [35m0[39m) {
     [90m 67 |[39m                     setLessons(fetchedLessons)[33m;[39m
    [31m[1m>[22m[39m[90m 68 |[39m                     setLessonIndex([35m0[39m)[33m;[39m
     [90m    |[39m                     [31m[1m^[22m[39m
     [90m 69 |[39m                 } [36melse[39m {
     [90m 70 |[39m                     setError([32m"No exercises found for this lesson."[39m)[33m;[39m
     [90m 71 |[39m                 }[0m

      at node_modules/react-dom/cjs/react-dom-client.development.js:18758:19
      at runWithFiberInDEV (node_modules/react-dom/cjs/react-dom-client.development.js:874:13)
      at warnIfUpdatesNotWrappedWithActDEV (node_modules/react-dom/cjs/react-dom-client.development.js:18757:9)
      at scheduleUpdateOnFiber (node_modules/react-dom/cjs/react-dom-client.development.js:16409:11)
      at dispatchSetStateInternal (node_modules/react-dom/cjs/react-dom-client.development.js:9170:13)
      at setLessonIndex (node_modules/react-dom/cjs/react-dom-client.development.js:9127:7)
      at loadExercises (src/components/Exercises.tsx:68:21)

  console.error
    An update to Exercises inside a test was not wrapped in act(...).
    
    When testing, code that causes React state updates should be wrapped into act(...):
    
    act(() => {
      /* fire events that update state */
    });
    /* assert on the output */
    
    This ensures that you're testing the behavior the user would see in the browser. Learn more at https://react.dev/link/wrap-tests-with-act

    [0m [90m 74 |[39m                 setError(err[33m.[39mmessage [33m||[39m [32m"Failed to load exercises"[39m)[33m;[39m
     [90m 75 |[39m             } [36mfinally[39m {
    [31m[1m>[22m[39m[90m 76 |[39m                 setLoading([36mfalse[39m)[33m;[39m
     [90m    |[39m                 [31m[1m^[22m[39m
     [90m 77 |[39m             }
     [90m 78 |[39m         }[33m;[39m
     [90m 79 |[39m[0m

      at node_modules/react-dom/cjs/react-dom-client.development.js:18758:19
      at runWithFiberInDEV (node_modules/react-dom/cjs/react-dom-client.development.js:874:13)
      at warnIfUpdatesNotWrappedWithActDEV (node_modules/react-dom/cjs/react-dom-client.development.js:18757:9)
      at scheduleUpdateOnFiber (node_modules/react-dom/cjs/react-dom-client.development.js:16409:11)
      at dispatchSetStateInternal (node_modules/react-dom/cjs/react-dom-client.development.js:9170:13)
      at setLoading (node_modules/react-dom/cjs/react-dom-client.development.js:9127:7)
      at loadExercises (src/components/Exercises.tsx:76:17)

node.exe : FAIL src/com
ponents/Exercises.test.
tsx
At line:1 char:1
+ & "C:\Program 
Files\nodejs/node.exe" 
"C:\Program 
Files\nodejs/node_mo 
...
+ ~~~~~~~~~~~~~~~~~~~~~
~~~~~~~~~~~~~~~~~~~~~~~
~~~~~~~~~~~~~~~~~~~~~~~
~~
    + CategoryInfo     
         : NotSpecifi  
  ed: (FAIL src/comp   
 onents/Exercises.t    
est.tsx:String) []    
, RemoteException
    + FullyQualifiedEr 
   rorId : NativeComm  
  andError
 
  Exercises Component 
Tests
    GêÜ renders 
loading state 
initially (74 ms)
    GêÜ renders the 
first step correctly 
after loading (20 ms)
    GêÜ calculates and 
displays progress 
after loading (31 ms)
    +ù renders focus 
mode toggle after 
loading (37 ms)

  GùÅ Exercises 
Component Tests GÇ¦ 
renders focus mode 
toggle after loading

    TestingLibraryEleme
ntError: Unable to 
find an element with 
the text: /Focus 
Mode/i. This could be 
because the text is 
broken up by multiple 
elements. In this 
case, you can provide 
a function for your 
text matcher to make 
your matcher more 
flexible.

    Ignored nodes: 
comments, script, style
    [36m<body>[39m
      [36m<div>[39m
        [36m<div[39m
          [33mclass[3
9m=[32m"lesson-contain
er "[39m
        [36m>[39m
          
[36m<header[39m
            [33mclass
[39m=[32m"lesson-heade
r"[39m
          [36m>[39m
            
[36m<button[39m
              [33maria
-label[39m=[32m"exerc
ises.header.backToLesso
n"[39m
              [33mclas
s[39m=[32m"back-btn"
[39m
            [36m>[39m
              [0mGåÉ 
[0m
              [0mexerc
ises.header.backToLesso
n[0m
            
[36m</button>[39m
            
[36m<h2>[39m
              [0m=ƒÄô 
[0m
              [0mexerc
ises.header.title[0m
            
[36m</h2>[39m
          
[36m</header>[39m
          
[36m<div[39m
            [33mclass
[39m=[32m"main-card"[
39m
          [36m>[39m
            
[36m<div[39m
              [33mclas
s[39m=[32m"controls-r
ow"[39m
            [36m>[39m
              
[36m<div[39m
                [33mcl
ass[39m=[32m"mode-tog
gle compact"[39m
              
[36m>[39m
                
[36m<button[39m
                  [33m
aria-pressed[39m=[32m
"true"[39m
                  [33m
class[39m=[32m"mode-p
ill active"[39m
                
[36m>[39m
                  
[0m=ƒº¡ [0m
                  [0me
xercises.controls.guide
d[0m
                
[36m</button>[39m
                
[36m<button[39m
                  [33m
aria-pressed[39m=[32m
"false"[39m
                  [33m
class[39m=[32m"mode-p
ill "[39m
                
[36m>[39m
                  
[0m=ƒÜÇ [0m
                  [0me
xercises.controls.indep
endent[0m
                
[36m</button>[39m
              
[36m</div>[39m
              
[36m<button[39m
                [33mar
ia-label[39m=[32m"exe
rcises.controls.enterFo
cusMode"[39m
                [33mcl
ass[39m=[32m"focus-bt
n "[39m
              
[36m>[39m
                
[0m=ƒæün+Å exercises.c
ontrols.focusMode[0m
              
[36m</button>[39m
            
[36m</div>[39m
            
[36m<div[39m
              [33mclas
s[39m=[32m"progress-s
ection"[39m
            [36m>[39m
              
[36m<div[39m
                [33mcl
ass[39m=[32m"progress
-labels"[39m
              
[36m>[39m
                
[36m<span[39m
                  [33m
aria-hidden[39m=[32m"
true"[39m
                
[36m>[39m
                  [0me
xercises.progress.label
[0m
                
[36m</span>[39m
                
[36m<span>[39m
                  
[0m0[0m
                  
[0m%[0m
                
[36m</span>[39m
              
[36m</div>[39m
              
[36m<div[39m
                [33mar
ia-valuemax[39m=[32m"
100"[39m
                [33mar
ia-valuemin[39m=[32m"
0"[39m
                [33mar
ia-valuenow[39m=[32m"
0"[39m
                [33mcl
ass[39m=[32m"progress
-bar-track"[39m
                [33mro
le[39m=[32m"progressb
ar"[39m
              
[36m>[39m
                
[36m<div[39m
                  [33m
class[39m=[32m"progre
ss-bar-fill"[39m
                  [33m
style[39m=[32m"width:
 0%;"[39m
                
[36m/>[39m
              
[36m</div>[39m
            
[36m</div>[39m
            
[36m<div[39m
              [33mclas
s[39m=[32m"content-ar
ea"[39m
            [36m>[39m
              
[36m<div[39m
                [33mcl
ass[39m=[32m"step-met
adata"[39m
              
[36m>[39m
                
[36m<span[39m
                  [33m
class[39m=[32m"visual
-schedule"[39m
                
[36m>[39m
                  [0me
xercises.progress.stepX
ofY[0m
                
[36m</span>[39m
                
[36m<span[39m
                  [33m
class[39m=[32m"diffic
ulty-badge easy"[39m
                
[36m>[39m
                  
[0measy[0m
                
[36m</span>[39m
              
[36m</div>[39m
              
[36m<div[39m
                [33mcl
ass[39m=[32m"step-hea
der-row"[39m
              
[36m>[39m
                
[36m<h3[39m
                  [33m
class[39m=[32m"step-t
itle"[39m
                  [33m
tabindex[39m=[32m"-1"
[39m
                
[36m>[39m
                  
[0mSelect answer[0m
                
[36m</h3>[39m
                
[36m<button>[39m
                  
[0mTTS[0m
                
[36m</button>[39m
              
[36m</div>[39m
              
[36m<div[39m
                [33mcl
ass[39m=[32m"micro-st
eps"[39m
              
[36m>[39m
                
[36m<div[39m
                  [33m
class[39m=[32m"micro-
step current "[39m
                
[36m>[39m
                  
[36m<span[39m
                    [3
3maria-hidden[39m=[32
m"true"[39m
                    [3
3mclass[39m=[32m"chec
k-icon"[39m
                  
[36m>[39m
                    
[0mGPín+Å[0m
                  
[36m</span>[39m
                  
[36m<span>[39m
                    
[0mStep 1[0m
                  
[36m</span>[39m
                
[36m</div>[39m
                
[36m<div[39m
                  [33m
class[39m=[32m"micro-
step  "[39m
                
[36m>[39m
                  
[36m<span[39m
                    [3
3maria-hidden[39m=[32
m"true"[39m
                    [3
3mclass[39m=[32m"chec
k-icon"[39m
                  
[36m>[39m
                    
[0mGùï[0m
                  
[36m</span>[39m
                  
[36m<span>[39m
                    
[0mStep 2[0m
                  
[36m</span>[39m
                
[36m</div>[39m
              
[36m</div>[39m
              
[36m<hr[39m
                [33mcl
ass[39m=[32m"divider"
[39m
              
[36m/>[39m
              
[36m<div[39m
                [33mcl
ass[39m=[32m"task-dis
play"[39m
              
[36m>[39m
                
[36m<div[39m
                  [33m
class[39m=[32m"task-c
ontent-text"[39m
                
[36m>[39m
                  
[36m<strong>[39m
                    
[0mQuestion 1[0m
                  
[36m</strong>[39m
                
[36m</div>[39m
                
[36m<div[39m
                  [33m
class[39m=[32m"task-q
uestion"[39m
                
[36m>[39m
                  
[0mTask 1[0m
                
[36m</div>[39m
              
[36m</div>[39m
              
[36m<div[39m
                [33mda
ta-testid[39m=[32m"ex
ercises-content"[39m
              
[36m>[39m
                
[0mContent[0m
              
[36m</div>[39m
              
[36m<div[39m
                [33mcl
ass[39m=[32m"footer-a
ctions"[39m
              
[36m>[39m
                
[36m<div[39m
                  [33m
data-testid[39m=[32m"
exercises-feedback"[39
m
                
[36m/>[39m
                
[36m<div[39m
                  [33m
class[39m=[32m"hint-s
ection"[39m
                
[36m>[39m
                  
[36m<div[39m
                    [3
3mclass[39m=[32m"hint
-controls"[39m
                  
[36m>[39m
                    
[36m<button[39m
                      
[33maria-label[39m=[3
2m"exercises.hints.getH
int"[39m
                      
[33mclass[39m=[32m"hi
nt-btn"[39m
                    
[36m>[39m
                      
[0m=ƒÆí [0m
                      
[0mexercises.hints.need
AHint[0m
                    
[36m</button>[39m
                    
[36m<span[39m
                      
[33maria-live[39m=[32
m"polite"[39m
                      
[33mclass[39m=[32m"hi
nt-count"[39m
                    
[36m/>[39m
                  
[36m</div>[39m
                
[36m</div>[39m
              
[36m</div>[39m
            
[36m</div>[39m
          
[36m</div>[39m
        
[36m</div>[39m
      [36m</div>[39m
    [36m</body>[39m

    [0m [90m 93 
|[39m         
})[33m;[39m
     [90m 94 |[39m
    [31m[1m>[22m[39
m[90m 95 |[39m       
  [36mconst[39m 
focusBtn [33m=[39m sc
reen[33m.[39mgetByTex
t([35m/Focus 
Mode/i[39m)[33m;[39m
     [90m    |[39m   
                       
       
[31m[1m^[22m[39m
     [90m 96 |[39m   
      expect(focusBtn)
[33m.[39mtoBeInTheDocu
ment()[33m;[39m
     [90m 97 |[39m
     [90m 98 |[39m   
      fireEvent[33m.[
39mclick(focusBtn)[33m
;[39m[0m

      at 
Object.getElementError 
(node_modules/@testing-
library/dom/dist/config
.js:37:19)
      at node_modules/@
testing-library/dom/dis
t/query-helpers.js:76:3
8
      at node_modules/@
testing-library/dom/dis
t/query-helpers.js:52:1
7
      at getByText (nod
e_modules/@testing-libr
ary/dom/dist/query-help
ers.js:95:19)
      at 
Object.<anonymous> (src
/components/Exercises.t
est.tsx:95:33)

Test Suites: 1 failed, 
1 total
Tests:       1 failed, 
3 passed, 4 total
Snapshots:   0 total
Time:        1.181 s
Ran all test suites 
matching 
/Exercises.test.tsx/i.
