
> server@1.0.0 test
> jest

node.exe : PASS src/routes/translations.test.ts
At C:\Program Files\nodejs\npm.ps1:29 char:3
+   & $NODE_EXE $NPM_CLI_JS $args
+   ~~~~~~~~~~~~~~~~~~~~~~~~~~~~~
    + CategoryInfo          : NotSpecified: (PASS src/routes/transla 
   tions.test.ts:String) [], RemoteException
    + FullyQualifiedErrorId : NativeCommandError
 
PASS src/tests/lesson_exercise_flow.test.ts
  ΓùÅ Console

    console.error
      Error: DB Error
          at Object.<anonymous> (C:\software08\SE-project\server\src\
tests\lesson_exercise_flow.test.ts:56:61)
          at Promise.finally.completed (C:\software08\SE-project\serv
er\node_modules\jest-circus\build\jestAdapterInit.js:1557:28)
          at new Promise (<anonymous>)
          at callAsyncCircusFn (C:\software08\SE-project\server\node_
modules\jest-circus\build\jestAdapterInit.js:1497:10)
          at _callCircusTest (C:\software08\SE-project\server\node_mo
dules\jest-circus\build\jestAdapterInit.js:1007:40)
          at processTicksAndRejections 
(node:internal/process/task_queues:105:5)
          at _runTest (C:\software08\SE-project\server\node_modules\j
est-circus\build\jestAdapterInit.js:947:3)
          at C:\software08\SE-project\server\node_modules\jest-circus
\build\jestAdapterInit.js:849:7
          at _runTestsForDescribeBlock (C:\software08\SE-project\serv
er\node_modules\jest-circus\build\jestAdapterInit.js:862:11)
          at _runTestsForDescribeBlock (C:\software08\SE-project\serv
er\node_modules\jest-circus\build\jestAdapterInit.js:857:11)
          at _runTestsForDescribeBlock (C:\software08\SE-project\serv
er\node_modules\jest-circus\build\jestAdapterInit.js:857:11)
          at run (C:\software08\SE-project\server\node_modules\jest-c
ircus\build\jestAdapterInit.js:761:3)
          at runAndTransformResultsToJestFormat (C:\software08\SE-pro
ject\server\node_modules\jest-circus\build\jestAdapterInit.js:1918:21
)
          at jestAdapter (C:\software08\SE-project\server\node_module
s\jest-circus\build\runner.js:101:19)
          at runTestInternal (C:\software08\SE-project\server\node_mo
dules\jest-runner\build\testWorker.js:275:16)
          at runTest (C:\software08\SE-project\server\node_modules\je
st-runner\build\testWorker.js:343:7)
          at Object.worker (C:\software08\SE-project\server\node_modu
les\jest-runner\build\testWorker.js:497:12)

    [0m [90m 28 |[39m
     [90m 29 |[39m   } [36mcatch[39m (err) {
    [31m[1m>[22m[39m[90m 30 |[39m     
console[33m.[39merror(err)[33m;[39m
     [90m    |[39m             [31m[1m^[22m[39m
     [90m 31 |[39m     
res[33m.[39mstatus([35m500[39m)[33m.[39mjson({ 
error[33m:[39m [32m"Failed to fetch lesson"[39m })[33m;[39m
     [90m 32 |[39m   }
     [90m 33 |[39m })[33m;[39m[0m

      at src/routes/lessons.ts:30:13

PASS src/routes/lessons.test.ts
  ΓùÅ Console

    console.error
      Error: DB Error
          at Object.<anonymous> 
(C:\software08\SE-project\server\src\routes\lessons.test.ts:49:46)
          at Promise.finally.completed (C:\software08\SE-project\serv
er\node_modules\jest-circus\build\jestAdapterInit.js:1557:28)
          at new Promise (<anonymous>)
          at callAsyncCircusFn (C:\software08\SE-project\server\node_
modules\jest-circus\build\jestAdapterInit.js:1497:10)
          at _callCircusTest (C:\software08\SE-project\server\node_mo
dules\jest-circus\build\jestAdapterInit.js:1007:40)
          at processTicksAndRejections 
(node:internal/process/task_queues:105:5)
          at _runTest (C:\software08\SE-project\server\node_modules\j
est-circus\build\jestAdapterInit.js:947:3)
          at C:\software08\SE-project\server\node_modules\jest-circus
\build\jestAdapterInit.js:849:7
          at _runTestsForDescribeBlock (C:\software08\SE-project\serv
er\node_modules\jest-circus\build\jestAdapterInit.js:862:11)
          at _runTestsForDescribeBlock (C:\software08\SE-project\serv
er\node_modules\jest-circus\build\jestAdapterInit.js:857:11)
          at _runTestsForDescribeBlock (C:\software08\SE-project\serv
er\node_modules\jest-circus\build\jestAdapterInit.js:857:11)
          at run (C:\software08\SE-project\server\node_modules\jest-c
ircus\build\jestAdapterInit.js:761:3)
          at runAndTransformResultsToJestFormat (C:\software08\SE-pro
ject\server\node_modules\jest-circus\build\jestAdapterInit.js:1918:21
)
          at jestAdapter (C:\software08\SE-project\server\node_module
s\jest-circus\build\runner.js:101:19)
          at runTestInternal (C:\software08\SE-project\server\node_mo
dules\jest-runner\build\testWorker.js:275:16)
          at runTest (C:\software08\SE-project\server\node_modules\je
st-runner\build\testWorker.js:343:7)
          at Object.worker (C:\software08\SE-project\server\node_modu
les\jest-runner\build\testWorker.js:497:12)

    [0m [90m 28 |[39m
     [90m 29 |[39m   } [36mcatch[39m (err) {
    [31m[1m>[22m[39m[90m 30 |[39m     
console[33m.[39merror(err)[33m;[39m
     [90m    |[39m             [31m[1m^[22m[39m
     [90m 31 |[39m     
res[33m.[39mstatus([35m500[39m)[33m.[39mjson({ 
error[33m:[39m [32m"Failed to fetch lesson"[39m })[33m;[39m
     [90m 32 |[39m   }
     [90m 33 |[39m })[33m;[39m[0m

      at src/routes/lessons.ts:30:13

FAIL src/routes/exercises.test.ts
  ΓùÅ Exercises Routes ΓÇ║ POST /exercises/answer ΓÇ║ should handle 
database errors gracefully

    expect(received).toBe(expected) // Object.is equality

    Expected: "Answer validation failed"
    Received: undefined

    [0m [90m 74 |[39m
     [90m 75 |[39m             expect(response[33m.[39mstatus)[3
3m.[39mtoBe([35m500[39m)[33m;[39m
    [31m[1m>[22m[39m[90m 76 |[39m             expect(response[
33m.[39mbody[33m.[39merror)[33m.[39mtoBe([32m'Answer 
validation failed'[39m)[33m;[39m
     [90m    |[39m                                         
[31m[1m^[22m[39m
     [90m 77 |[39m             expect(mockClient[33m.[39mquery)[
33m.[39mtoHaveBeenCalledWith([32m'ROLLBACK'[39m)[33m;[39m
     [90m 78 |[39m         })[33m;[39m
     [90m 79 |[39m     })[33m;[39m[0m

      at Object.<anonymous> (src/routes/exercises.test.ts:76:41)

PASS src/routes/user.test.ts
  ΓùÅ Console

    console.error
      Error fetching user stats: Error: DB Error
          at Object.<anonymous> 
(C:\software08\SE-project\server\src\routes\user.test.ts:47:46)
          at Promise.finally.completed (C:\software08\SE-project\serv
er\node_modules\jest-circus\build\jestAdapterInit.js:1557:28)
          at new Promise (<anonymous>)
          at callAsyncCircusFn (C:\software08\SE-project\server\node_
modules\jest-circus\build\jestAdapterInit.js:1497:10)
          at _callCircusTest (C:\software08\SE-project\server\node_mo
dules\jest-circus\build\jestAdapterInit.js:1007:40)
          at processTicksAndRejections 
(node:internal/process/task_queues:105:5)
          at _runTest (C:\software08\SE-project\server\node_modules\j
est-circus\build\jestAdapterInit.js:947:3)
          at C:\software08\SE-project\server\node_modules\jest-circus
\build\jestAdapterInit.js:849:7
          at _runTestsForDescribeBlock (C:\software08\SE-project\serv
er\node_modules\jest-circus\build\jestAdapterInit.js:862:11)
          at _runTestsForDescribeBlock (C:\software08\SE-project\serv
er\node_modules\jest-circus\build\jestAdapterInit.js:857:11)
          at _runTestsForDescribeBlock (C:\software08\SE-project\serv
er\node_modules\jest-circus\build\jestAdapterInit.js:857:11)
          at run (C:\software08\SE-project\server\node_modules\jest-c
ircus\build\jestAdapterInit.js:761:3)
          at runAndTransformResultsToJestFormat (C:\software08\SE-pro
ject\server\node_modules\jest-circus\build\jestAdapterInit.js:1918:21
)
          at jestAdapter (C:\software08\SE-project\server\node_module
s\jest-circus\build\runner.js:101:19)
          at runTestInternal (C:\software08\SE-project\server\node_mo
dules\jest-runner\build\testWorker.js:275:16)
          at runTest (C:\software08\SE-project\server\node_modules\je
st-runner\build\testWorker.js:343:7)
          at Object.worker (C:\software08\SE-project\server\node_modu
les\jest-runner\build\testWorker.js:497:12)

    [0m [90m 59 |[39m
     [90m 60 |[39m     } [36mcatch[39m (err) {
    [31m[1m>[22m[39m[90m 61 |[39m         
console[33m.[39merror([32m"Error fetching user 
stats:"[39m[33m,[39m err)[33m;[39m
     [90m    |[39m                 [31m[1m^[22m[39m
     [90m 62 |[39m         
res[33m.[39mstatus([35m500[39m)[33m.[39mjson({ 
error[33m:[39m [32m"Failed to fetch user stats"[39m })[33m;[39m
     [90m 63 |[39m     }
     [90m 64 |[39m })[33m;[39m[0m

      at src/routes/user.ts:61:17

    console.error
      Error fetching completed lessons: Error: DB Error
          at Object.<anonymous> 
(C:\software08\SE-project\server\src\routes\user.test.ts:72:46)
          at Promise.finally.completed (C:\software08\SE-project\serv
er\node_modules\jest-circus\build\jestAdapterInit.js:1557:28)
          at new Promise (<anonymous>)
          at callAsyncCircusFn (C:\software08\SE-project\server\node_
modules\jest-circus\build\jestAdapterInit.js:1497:10)
          at _callCircusTest (C:\software08\SE-project\server\node_mo
dules\jest-circus\build\jestAdapterInit.js:1007:40)
          at processTicksAndRejections 
(node:internal/process/task_queues:105:5)
          at _runTest (C:\software08\SE-project\server\node_modules\j
est-circus\build\jestAdapterInit.js:947:3)
          at C:\software08\SE-project\server\node_modules\jest-circus
\build\jestAdapterInit.js:849:7
          at _runTestsForDescribeBlock (C:\software08\SE-project\serv
er\node_modules\jest-circus\build\jestAdapterInit.js:862:11)
          at _runTestsForDescribeBlock (C:\software08\SE-project\serv
er\node_modules\jest-circus\build\jestAdapterInit.js:857:11)
          at _runTestsForDescribeBlock (C:\software08\SE-project\serv
er\node_modules\jest-circus\build\jestAdapterInit.js:857:11)
          at run (C:\software08\SE-project\server\node_modules\jest-c
ircus\build\jestAdapterInit.js:761:3)
          at runAndTransformResultsToJestFormat (C:\software08\SE-pro
ject\server\node_modules\jest-circus\build\jestAdapterInit.js:1918:21
)
          at jestAdapter (C:\software08\SE-project\server\node_module
s\jest-circus\build\runner.js:101:19)
          at runTestInternal (C:\software08\SE-project\server\node_mo
dules\jest-runner\build\testWorker.js:275:16)
          at runTest (C:\software08\SE-project\server\node_modules\je
st-runner\build\testWorker.js:343:7)
          at Object.worker (C:\software08\SE-project\server\node_modu
les\jest-runner\build\testWorker.js:497:12)

    [0m [90m 91 |[39m
     [90m 92 |[39m     } [36mcatch[39m (err) {
    [31m[1m>[22m[39m[90m 93 |[39m         
console[33m.[39merror([32m"Error fetching completed 
lessons:"[39m[33m,[39m err)[33m;[39m
     [90m    |[39m                 [31m[1m^[22m[39m
     [90m 94 |[39m         
res[33m.[39mstatus([35m500[39m)[33m.[39mjson({ 
error[33m:[39m [32m"Failed to fetch completed lessons"[39m 
})[33m;[39m
     [90m 95 |[39m     }
     [90m 96 |[39m })[33m;[39m[0m

      at src/routes/user.ts:93:17

PASS src/tests/evaluation.test.ts
  ΓùÅ Console

    console.log
      Adaptive threshold for user anonymous: 0.6

      at src/routes/evaluation.ts:178:15

    console.error
      Intent evaluation error: Error: DB down
          at Object.<anonymous> 
(C:\software08\SE-project\server\src\tests\evaluation.test.ts:55:53)
          at Promise.finally.completed (C:\software08\SE-project\serv
er\node_modules\jest-circus\build\jestAdapterInit.js:1557:28)
          at new Promise (<anonymous>)
          at callAsyncCircusFn (C:\software08\SE-project\server\node_
modules\jest-circus\build\jestAdapterInit.js:1497:10)
          at _callCircusTest (C:\software08\SE-project\server\node_mo
dules\jest-circus\build\jestAdapterInit.js:1007:40)
          at processTicksAndRejections 
(node:internal/process/task_queues:105:5)
          at _runTest (C:\software08\SE-project\server\node_modules\j
est-circus\build\jestAdapterInit.js:947:3)
          at C:\software08\SE-project\server\node_modules\jest-circus
\build\jestAdapterInit.js:849:7
          at _runTestsForDescribeBlock (C:\software08\SE-project\serv
er\node_modules\jest-circus\build\jestAdapterInit.js:862:11)
          at _runTestsForDescribeBlock (C:\software08\SE-project\serv
er\node_modules\jest-circus\build\jestAdapterInit.js:857:11)
          at run (C:\software08\SE-project\server\node_modules\jest-c
ircus\build\jestAdapterInit.js:761:3)
          at runAndTransformResultsToJestFormat (C:\software08\SE-pro
ject\server\node_modules\jest-circus\build\jestAdapterInit.js:1918:21
)
          at jestAdapter (C:\software08\SE-project\server\node_module
s\jest-circus\build\runner.js:101:19)
          at runTestInternal (C:\software08\SE-project\server\node_mo
dules\jest-runner\build\testWorker.js:275:16)
          at runTest (C:\software08\SE-project\server\node_modules\je
st-runner\build\testWorker.js:343:7)
          at Object.worker (C:\software08\SE-project\server\node_modu
les\jest-runner\build\testWorker.js:497:12)

    [0m [90m 217 |[39m
     [90m 218 |[39m     } [36mcatch[39m (err) {
    [31m[1m>[22m[39m[90m 219 |[39m       
console[33m.[39merror([32m"Intent evaluation 
error:"[39m[33m,[39m err)[33m;[39m
     [90m     |[39m               [31m[1m^[22m[39m
     [90m 220 |[39m       
res[33m.[39mstatus([35m500[39m)[33m.[39mjson({ 
error[33m:[39m [32m"Intent evaluation failed"[39m })[33m;[39m
     [90m 221 |[39m     }
     [90m 222 |[39m   }[0m

      at src/routes/evaluation.ts:219:15

PASS src/routes/preferences.test.ts
PASS src/routes/evaluation.test.ts
  ΓùÅ Console

    console.error
      Fetch questions error: Error: DB Error
          at Object.<anonymous> 
(C:\software08\SE-project\server\src\routes\evaluation.test.ts:47:46)
          at Promise.finally.completed (C:\software08\SE-project\serv
er\node_modules\jest-circus\build\jestAdapterInit.js:1557:28)
          at new Promise (<anonymous>)
          at callAsyncCircusFn (C:\software08\SE-project\server\node_
modules\jest-circus\build\jestAdapterInit.js:1497:10)
          at _callCircusTest (C:\software08\SE-project\server\node_mo
dules\jest-circus\build\jestAdapterInit.js:1007:40)
          at processTicksAndRejections 
(node:internal/process/task_queues:105:5)
          at _runTest (C:\software08\SE-project\server\node_modules\j
est-circus\build\jestAdapterInit.js:947:3)
          at C:\software08\SE-project\server\node_modules\jest-circus
\build\jestAdapterInit.js:849:7
          at _runTestsForDescribeBlock (C:\software08\SE-project\serv
er\node_modules\jest-circus\build\jestAdapterInit.js:862:11)
          at _runTestsForDescribeBlock (C:\software08\SE-project\serv
er\node_modules\jest-circus\build\jestAdapterInit.js:857:11)
          at _runTestsForDescribeBlock (C:\software08\SE-project\serv
er\node_modules\jest-circus\build\jestAdapterInit.js:857:11)
          at run (C:\software08\SE-project\server\node_modules\jest-c
ircus\build\jestAdapterInit.js:761:3)
          at runAndTransformResultsToJestFormat (C:\software08\SE-pro
ject\server\node_modules\jest-circus\build\jestAdapterInit.js:1918:21
)
          at jestAdapter (C:\software08\SE-project\server\node_module
s\jest-circus\build\runner.js:101:19)
          at runTestInternal (C:\software08\SE-project\server\node_mo
dules\jest-runner\build\testWorker.js:275:16)
          at runTest (C:\software08\SE-project\server\node_modules\je
st-runner\build\testWorker.js:343:7)
          at Object.worker (C:\software08\SE-project\server\node_modu
les\jest-runner\build\testWorker.js:497:12)

    [0m [90m 124 |[39m       
res[33m.[39mjson(result[33m.[39mrows)[33m;[39m
     [90m 125 |[39m     } [36mcatch[39m (err) {
    [31m[1m>[22m[39m[90m 126 |[39m       
console[33m.[39merror([32m"Fetch questions 
error:"[39m[33m,[39m err)[33m;[39m
     [90m     |[39m               [31m[1m^[22m[39m
     [90m 127 |[39m       
res[33m.[39mstatus([35m500[39m)[33m.[39mjson({ 
error[33m:[39m [32m"Failed to fetch evaluation questions"[39m 
})[33m;[39m
     [90m 128 |[39m     }
     [90m 129 |[39m   }[0m

      at src/routes/evaluation.ts:126:15

    console.log
      Adaptive threshold for user user1: 0.6

      at src/routes/evaluation.ts:178:15

    console.error
      Intent evaluation error: Error: DB Error
          at Object.<anonymous> 
(C:\software08\SE-project\server\src\routes\evaluation.test.ts:99:46)
          at Promise.finally.completed (C:\software08\SE-project\serv
er\node_modules\jest-circus\build\jestAdapterInit.js:1557:28)
          at new Promise (<anonymous>)
          at callAsyncCircusFn (C:\software08\SE-project\server\node_
modules\jest-circus\build\jestAdapterInit.js:1497:10)
          at _callCircusTest (C:\software08\SE-project\server\node_mo
dules\jest-circus\build\jestAdapterInit.js:1007:40)
          at processTicksAndRejections 
(node:internal/process/task_queues:105:5)
          at _runTest (C:\software08\SE-project\server\node_modules\j
est-circus\build\jestAdapterInit.js:947:3)
          at C:\software08\SE-project\server\node_modules\jest-circus
\build\jestAdapterInit.js:849:7
          at _runTestsForDescribeBlock (C:\software08\SE-project\serv
er\node_modules\jest-circus\build\jestAdapterInit.js:862:11)
          at _runTestsForDescribeBlock (C:\software08\SE-project\serv
er\node_modules\jest-circus\build\jestAdapterInit.js:857:11)
          at _runTestsForDescribeBlock (C:\software08\SE-project\serv
er\node_modules\jest-circus\build\jestAdapterInit.js:857:11)
          at run (C:\software08\SE-project\server\node_modules\jest-c
ircus\build\jestAdapterInit.js:761:3)
          at runAndTransformResultsToJestFormat (C:\software08\SE-pro
ject\server\node_modules\jest-circus\build\jestAdapterInit.js:1918:21
)
          at jestAdapter (C:\software08\SE-project\server\node_module
s\jest-circus\build\runner.js:101:19)
          at runTestInternal (C:\software08\SE-project\server\node_mo
dules\jest-runner\build\testWorker.js:275:16)
          at runTest (C:\software08\SE-project\server\node_modules\je
st-runner\build\testWorker.js:343:7)
          at Object.worker (C:\software08\SE-project\server\node_modu
les\jest-runner\build\testWorker.js:497:12)

    [0m [90m 217 |[39m
     [90m 218 |[39m     } [36mcatch[39m (err) {
    [31m[1m>[22m[39m[90m 219 |[39m       
console[33m.[39merror([32m"Intent evaluation 
error:"[39m[33m,[39m err)[33m;[39m
     [90m     |[39m               [31m[1m^[22m[39m
     [90m 220 |[39m       
res[33m.[39mstatus([35m500[39m)[33m.[39mjson({ 
error[33m:[39m [32m"Intent evaluation failed"[39m })[33m;[39m
     [90m 221 |[39m     }
     [90m 222 |[39m   }[0m

      at src/routes/evaluation.ts:219:15

    console.log
      Adaptive speech threshold for user user1: 0.6

      at src/routes/evaluation.ts:276:15


Test Suites: 1 failed, 7 passed, 8 total
Tests:       1 failed, 62 passed, 63 total
Snapshots:   0 total
Time:        5.434 s, estimated 10 s
Ran all test suites.
